(node:22868) [DEP0176] DeprecationWarning: fs.F_OK is deprecated, use fs.constants.F_OK instead
(Use `node --trace-deprecation ...` to show where the warning was created)
Creating an optimized production build...
Browserslist: browsers data (caniuse-lite) is 19 months old. Please run:
  npx update-browserslist-db@latest
  Why you should do it regularly: https://github.com/browserslist/update-db#readme
Browserslist: browsers data (caniuse-lite) is 19 months old. Please run:
  npx update-browserslist-db@latest
  Why you should do it regularly: https://github.com/browserslist/update-db#readme
Browserslist: browsers data (caniuse-lite) is 19 months old. Please run:
  npx update-browserslist-db@latest
  Why you should do it regularly: https://github.com/browserslist/update-db#readme
Browserslist: browsers data (caniuse-lite) is 19 months old. Please run:
  npx update-browserslist-db@latest
  Why you should do it regularly: https://github.com/browserslist/update-db#readme
Browserslist: browsers data (caniuse-lite) is 19 months old. Please run:
  npx update-browserslist-db@latest
  Why you should do it regularly: https://github.com/browserslist/update-db#readme
Browserslist: browsers data (caniuse-lite) is 19 months old. Please run:
  npx update-browserslist-db@latest
  Why you should do it regularly: https://github.com/browserslist/update-db#readme
Browserslist: browsers data (caniuse-lite) is 19 months old. Please run:
  npx update-browserslist-db@latest
  Why you should do it regularly: https://github.com/browserslist/update-db#readme
Browserslist: browsers data (caniuse-lite) is 19 months old. Please run:
  npx update-browserslist-db@latest
  Why you should do it regularly: https://github.com/browserslist/update-db#readme
Browserslist: browsers data (caniuse-lite) is 19 months old. Please run:
  npx update-browserslist-db@latest
  Why you should do it regularly: https://github.com/browserslist/update-db#readme
Browserslist: browsers data (caniuse-lite) is 19 months old. Please run:
  npx update-browserslist-db@latest
  Why you should do it regularly: https://github.com/browserslist/update-db#readme
Browserslist: browsers data (caniuse-lite) is 19 months old. Please run:
  npx update-browserslist-db@latest
  Why you should do it regularly: https://github.com/browserslist/update-db#readme
Browserslist: browsers data (caniuse-lite) is 19 months old. Please run:
  npx update-browserslist-db@latest
  Why you should do it regularly: https://github.com/browserslist/update-db#readme
Browserslist: browsers data (caniuse-lite) is 19 months old. Please run:
  npx update-browserslist-db@latest
  Why you should do it regularly: https://github.com/browserslist/update-db#readme
Browserslist: browsers data (caniuse-lite) is 19 months old. Please run:
  npx update-browserslist-db@latest
  Why you should do it regularly: https://github.com/browserslist/update-db#readme
Browserslist: browsers data (caniuse-lite) is 19 months old. Please run:
  npx update-browserslist-db@latest
  Why you should do it regularly: https://github.com/browserslist/update-db#readme
Browserslist: browsers data (caniuse-lite) is 19 months old. Please run:
  npx update-browserslist-db@latest
  Why you should do it regularly: https://github.com/browserslist/update-db#readme
Compiled with warnings.

[eslint] 
src\Components\Auth\Login.js
  Line 2:20:  'Link' is defined but never used                    no-unused-vars
  Line 95:9:  'onAppleSignIn' is assigned a value but never used  no-unused-vars

src\Components\Auth\SignUp.js
  Line 147:9:  'onAppleSignIn' is assigned a value but never used  no-unused-vars

src\Components\ChatInerface\ChatAudioPlayer.js
  Line 245:6:  React Hook useEffect has a missing dependency: 'animateWaveform'. Either include it or remove the dependency array  react-hooks/exhaustive-deps

src\Components\ChatInerface\ChatInterface.js
  Line 2:10:     'Navigate' is defined but never used                                                                                 no-unused-vars
  Line 6:10:     'createStorageRef' is defined but never used                                                                         no-unused-vars
  Line 7:10:     'uploadBytesResumable' is defined but never used                                                                     no-unused-vars
  Line 7:32:     'getDownloadURL' is defined but never used                                                                           no-unused-vars
  Line 18:3:     'where' is defined but never used                                                                                    no-unused-vars
  Line 44:8:     'ReadingEmoji' is defined but never used                                                                             no-unused-vars
  Line 48:8:     'GearEmoji' is defined but never used                                                                                no-unused-vars
  Line 49:8:     'ThinkingEmoji' is defined but never used                                                                            no-unused-vars
  Line 56:22:    'formatFileSize' is defined but never used                                                                           no-unused-vars
  Line 60:3:     'GetFileMetadataByName' is defined but never used                                                                    no-unused-vars
  Line 74:3:     'ask_llm_stream' is defined but never used                                                                           no-unused-vars
  Line 75:3:     'embed_docs' is defined but never used                                                                               no-unused-vars
  Line 76:3:     'generate_summary' is defined but never used                                                                         no-unused-vars
  Line 96:8:     'StudyGuideGenerator' is defined but never used                                                                      no-unused-vars
  Line 97:8:     'StudySheetLivePreview' is defined but never used                                                                    no-unused-vars
  Line 107:8:    'CompactProgressWidget' is defined but never used                                                                    no-unused-vars
  Line 130:10:   'getActiveStudySession' is defined but never used                                                                    no-unused-vars
  Line 316:10:   'uploadInsights' is assigned a value but never used                                                                  no-unused-vars
  Line 317:10:   'uploadSummary' is assigned a value but never used                                                                   no-unused-vars
  Line 318:10:   'isUploadAnalyzing' is assigned a value but never used                                                               no-unused-vars
  Line 319:10:   'uploadMessageId' is assigned a value but never used                                                                 no-unused-vars
  Line 319:27:   'setUploadMessageId' is assigned a value but never used                                                              no-unused-vars
  Line 410:10:   'suggestedPrompts' is assigned a value but never used                                                                no-unused-vars
  Line 456:10:   'pendingStudyAction' is assigned a value but never used                                                              no-unused-vars
  Line 501:10:   'connectionStatus' is assigned a value but never used                                                                no-unused-vars
  Line 503:10:   'studySheetData' is assigned a value but never used                                                                  no-unused-vars
  Line 503:26:   'setStudySheetData' is assigned a value but never used                                                               no-unused-vars
  Line 2321:9:   'handleSuggestionClick' is assigned a value but never used                                                           no-unused-vars
  Line 3146:6:   React Hook useEffect has a missing dependency: 'handleFileSelect'. Either include it or remove the dependency array  react-hooks/exhaustive-deps
  Line 3152:5:   Expected a default case                                                                                              default-case
  Line 3274:21:  'name' is assigned a value but never used                                                                            no-unused-vars
  Line 3712:9:   'simulateAiBatchFileResponse' is assigned a value but never used                                                     no-unused-vars
  Line 3720:13:  'fileNames' is assigned a value but never used                                                                       no-unused-vars
  Line 4272:9:   'handleSummaryStream' is assigned a value but never used                                                             no-unused-vars
  Line 4372:9:   'handleScenario' is assigned a value but never used                                                                  no-unused-vars
  Line 4730:9:   'getPreUploadIcon' is assigned a value but never used                                                                no-unused-vars
  Line 4776:9:   'getPreUploadLabel' is assigned a value but never used                                                               no-unused-vars

src\Components\ChatInerface\ChatMessage.js
  Line 321:6:  React Hook useMemo has a missing dependency: 'message'. Either include it or remove the dependency array      react-hooks/exhaustive-deps
  Line 346:6:  React Hook useMemo has a missing dependency: 'message'. Either include it or remove the dependency array      react-hooks/exhaustive-deps
  Line 363:6:  React Hook useCallback has a missing dependency: 'message'. Either include it or remove the dependency array  react-hooks/exhaustive-deps

src\Components\ChatInerface\ChatQuiz.js
  Line 21:34:   Unnecessary escape character: \)                      no-useless-escape
  Line 21:36:   Unnecessary escape character: \.                      no-useless-escape
  Line 21:38:   Unnecessary escape character: \:                      no-useless-escape
  Line 113:9:   'currentLanguage' is assigned a value but never used  no-unused-vars
  Line 239:12:  'renderReviewContent' is defined but never used       no-unused-vars

src\Components\ChatInerface\ChatQuizStream.js
  Line 78:50:   Unnecessary escape character: \(                                                                                       no-useless-escape
  Line 78:52:   Unnecessary escape character: \[                                                                                       no-useless-escape
  Line 78:64:   Unnecessary escape character: \.                                                                                       no-useless-escape
  Line 78:66:   Unnecessary escape character: \)                                                                                       no-useless-escape
  Line 81:58:   Unnecessary escape character: \.                                                                                       no-useless-escape
  Line 81:60:   Unnecessary escape character: \)                                                                                       no-useless-escape
  Line 81:62:   Unnecessary escape character: \:                                                                                       no-useless-escape
  Line 125:32:  Unnecessary escape character: \)                                                                                       no-useless-escape
  Line 125:34:  Unnecessary escape character: \.                                                                                       no-useless-escape
  Line 125:36:  Unnecessary escape character: \:                                                                                       no-useless-escape
  Line 325:6:   React Hook useEffect has a missing dependency: 'resetQuestionState'. Either include it or remove the dependency array  react-hooks/exhaustive-deps
  Line 572:9:   'hasMoreRationale' is assigned a value but never used                                                                  no-unused-vars
  Line 752:9:   'formatTime' is assigned a value but never used                                                                        no-unused-vars

src\Components\ChatInerface\Emojis\GearEmoji.js
  Line 8:6:  img elements must have an alt prop, either with meaningful text, or an empty string for decorative images  jsx-a11y/alt-text

src\Components\ChatInerface\ExamPrepModal.js
  Line 21:9:  'getMinDate' is assigned a value but never used  no-unused-vars

src\Components\ChatInerface\FlashcardPractice.js
  Line 106:198:  The ref value 'launcher.current' will likely have changed by the time this effect cleanup function runs. If this ref points to a node rendered by React, copy 'launcher.current' to a variable inside the effect, and use that variable in the cleanup function  react-hooks/exhaustive-deps

src\Components\ChatInerface\SATAQuestion.js
  Line 151:40:  Unnecessary escape character: \)                no-useless-escape
  Line 151:42:  Unnecessary escape character: \.                no-useless-escape
  Line 151:44:  Unnecessary escape character: \:                no-useless-escape
  Line 151:46:  Unnecessary escape character: \-                no-useless-escape
  Line 157:10:  'getFeedbackMessage' is defined but never used  no-unused-vars

src\Components\ChatInerface\ShareQuizButton.js
  Line 332:15:  The href attribute requires a valid value to be accessible. Provide a valid, navigable address as the href value. If you cannot provide a valid href, but still need the element to resemble a link, use a button and change it with appropriate styles. Learn more: https://github.com/jsx-eslint/eslint-plugin-jsx-a11y/blob/HEAD/docs/rules/anchor-is-valid.md  jsx-a11y/anchor-is-valid
  Line 340:15:  The href attribute requires a valid value to be accessible. Provide a valid, navigable address as the href value. If you cannot provide a valid href, but still need the element to resemble a link, use a button and change it with appropriate styles. Learn more: https://github.com/jsx-eslint/eslint-plugin-jsx-a11y/blob/HEAD/docs/rules/anchor-is-valid.md  jsx-a11y/anchor-is-valid
  Line 386:10:  'CopyIcon' is defined but never used                                                                                                                                                                                                                                                                                                                               no-unused-vars

src\Components\ChatInerface\SideBar.js
  Line 3:14:    'auth' is defined but never used                                                                                                                                                                                                                                                       no-unused-vars
  Line 12:3:    'doc' is defined but never used                                                                                                                                                                                                                                                        no-unused-vars
  Line 13:3:    'getDoc' is defined but never used                                                                                                                                                                                                                                                     no-unused-vars
  Line 160:10:  'hoveredChatId' is assigned a value but never used                                                                                                                                                                                                                                     no-unused-vars
  Line 260:27:  The ref value 'loadedFileCountsRef.current' will likely have changed by the time this effect cleanup function runs. If this ref points to a node rendered by React, copy 'loadedFileCountsRef.current' to a variable inside the effect, and use that variable in the cleanup function  react-hooks/exhaustive-deps
  Line 262:6:   React Hook useEffect has a missing dependency: 'loadFileCountsForNewChats'. Either include it or remove the dependency array                                                                                                                                                           react-hooks/exhaustive-deps

src\Components\ChatInerface\StickyQuizProgress.js
  Line 60:6:  React Hook useEffect has a missing dependency: 't'. Either include it or remove the dependency array  react-hooks/exhaustive-deps

src\Components\ChatInerface\StudyGuideGenerator.js
  Line 18:10:  'loading' is assigned a value but never used                                                                      no-unused-vars
  Line 33:6:   React Hook useEffect has a missing dependency: 'generateGuide'. Either include it or remove the dependency array  react-hooks/exhaustive-deps

src\Components\ChatInerface\StudySheetLivePreview.js
  Line 26:10:  'isMobile' is assigned a value but never used                                                                             no-unused-vars
  Line 123:6:  React Hook useEffect has a missing dependency: 'handleWebSocketUpdate'. Either include it or remove the dependency array  react-hooks/exhaustive-deps

src\Components\ChatInerface\UnfoldingCaseStudy.js
  Line 110:9:  The 'items' logical expression could make the dependencies of useCallback Hook (at line 189) change on every render. To fix this, wrap the initialization of 'items' in its own useMemo() Hook              react-hooks/exhaustive-deps
  Line 112:9:  The 'currentItem' logical expression could make the dependencies of useCallback Hook (at line 189) change on every render. To fix this, wrap the initialization of 'currentItem' in its own useMemo() Hook  react-hooks/exhaustive-deps

src\Components\Glossary\useGlossary.js
  Line 30:16:  Unnecessary escape character: \.  no-useless-escape
  Line 30:18:  Unnecessary escape character: \)  no-useless-escape
  Line 30:20:  Unnecessary escape character: \:  no-useless-escape

src\Components\Mindmap\MindmapViewer.js
  Line 268:9:  'getDescendantCount' is assigned a value but never used  no-unused-vars

src\Components\Progress\CompactProgressWidget.js
  Line 54:9:  'xpPercentage' is assigned a value but never used  no-unused-vars

src\Components\Progress\ProgressDashboard.js
  Line 20:5:  'serumPercentage' is assigned a value but never used  no-unused-vars

src\Components\PublicQuiz\PublicQuizView.js
  Line 43:6:  React Hook useEffect has a missing dependency: 'loadQuiz'. Either include it or remove the dependency array  react-hooks/exhaustive-deps

src\Components\QuizRoom\QuizRoomLanding.js
  Line 9:10:    'setPendingFiles' is defined but never used                no-unused-vars
  Line 126:14:  'i18n' is assigned a value but never used                  no-unused-vars
  Line 131:10:  'hoveredCard' is assigned a value but never used           no-unused-vars
  Line 138:10:  'completedCounters' is assigned a value but never used     no-unused-vars
  Line 255:9:   'handleStudyNCLEX' is assigned a value but never used      no-unused-vars
  Line 468:9:   'handleTalkToTutor' is assigned a value but never used     no-unused-vars
  Line 469:9:   'handleDailyChallenge' is assigned a value but never used  no-unused-vars

src\Components\QuizRoom\SerumTube.js
  Line 84:9:  'glassThickness' is assigned a value but never used  no-unused-vars

src\Components\Selection\SelectionActionBar.js
  Line 1:17:  'useEffect' is defined but never used  no-unused-vars

src\Components\StudyMode\ExamConfigModal.js
  Line 62:6:  React Hook useEffect has a missing dependency: 'loadingKeys.length'. Either include it or remove the dependency array  react-hooks/exhaustive-deps

src\Components\StudyMode\QuizMasterySummary.js
  Line 27:5:  'afterAcc' is assigned a value but never used  no-unused-vars

src\Components\StudyMode\StudyAudioCard.js
  Line 28:10:  'hasListened' is assigned a value but never used  no-unused-vars

src\Components\StudyMode\StudyExamCard.js
  Line 36:9:  The 'questions' logical expression could make the dependencies of useCallback Hook (at line 129) change on every render. To fix this, wrap the initialization of 'questions' in its own useMemo() Hook  react-hooks/exhaustive-deps

src\Components\StudyMode\StudyModeContainer.js
  Line 198:10:  'isComplete' is assigned a value but never used                                                                               no-unused-vars
  Line 338:9:   'currentStep' is assigned a value but never used                                                                              no-unused-vars
  Line 339:9:   'totalSteps' is assigned a value but never used                                                                               no-unused-vars
  Line 1029:6:  React Hook useCallback has a missing dependency: 't'. Either include it or remove the dependency array                        react-hooks/exhaustive-deps
  Line 1070:6:  React Hook useCallback has a missing dependency: 't'. Either include it or remove the dependency array                        react-hooks/exhaustive-deps
  Line 1512:6:  React Hook useCallback has a missing dependency: 'userProfile?.onboarding'. Either include it or remove the dependency array  react-hooks/exhaustive-deps

src\Components\StudyMode\StudyPlanOverview.js
  Line 149:7:  'MIN_QUESTIONS_THRESHOLD' is assigned a value but never used  no-unused-vars

src\Components\StudyMode\StudyQuizCard.js
  Line 37:9:   The 'questions' logical expression could make the dependencies of useEffect Hook (at line 235) change on every render. To fix this, wrap the initialization of 'questions' in its own useMemo() Hook              react-hooks/exhaustive-deps
  Line 37:9:   The 'questions' logical expression could make the dependencies of useCallback Hook (at line 361) change on every render. To fix this, wrap the initialization of 'questions' in its own useMemo() Hook            react-hooks/exhaustive-deps
  Line 239:9:  The 'currentQuestion' logical expression could make the dependencies of useEffect Hook (at line 248) change on every render. To fix this, wrap the initialization of 'currentQuestion' in its own useMemo() Hook  react-hooks/exhaustive-deps
  Line 651:9:  'hasMoreRationale' is assigned a value but never used                                                                                                                                                             no-unused-vars

src\Firebase\auth.js
  Line 95:11:  'accessToken' is assigned a value but never used  no-unused-vars
  Line 96:11:  'idToken' is assigned a value but never used      no-unused-vars

src\Firebase\config.js
  Line 29:7:  'analytics' is assigned a value but never used   no-unused-vars
  Line 40:7:  'uploadsRef' is assigned a value but never used  no-unused-vars

src\Services\FireBaseServiceChats.js
  Line 1:10:  'createStorageRef' is defined but never used  no-unused-vars
  Line 1:32:  'user' is defined but never used              no-unused-vars
  Line 5:3:   'orderBy' is defined but never used           no-unused-vars
  Line 6:3:   'onSnapshot' is defined but never used        no-unused-vars

src\Services\QuizShareService.js
  Line 3:3:  'collection' is defined but never used  no-unused-vars

src\Services\StudyReminderService.js
  Line 145:1:  Assign object to a variable before exporting as module default  import/no-anonymous-default-export

src\Services\StudySessionService.js
  Line 1543:1:  Assign object to a variable before exporting as module default  import/no-anonymous-default-export

src\Services\WebSocketManager.js
  Line 324:11:  'ws' is assigned a value but never used  no-unused-vars

src\i18n\i18n.js
  Line 1427:7:  Duplicate key 'common'  no-dupe-keys
  Line 1874:9:  Duplicate key 'retry'   no-dupe-keys
  Line 3851:7:  Duplicate key 'common'  no-dupe-keys
  Line 4300:9:  Duplicate key 'retry'   no-dupe-keys

src\utils\soundEffects.js
  Line 370:1:  Assign object to a variable before exporting as module default  import/no-anonymous-default-export

Search for the keywords to learn more about each warning.
To ignore, add // eslint-disable-next-line to the line before.

File sizes after gzip:

  338.26 kB (-5 B)  build\static\js\main.036932df.js
  180.11 kB         build\static\js\560.5b85d5e0.chunk.js
  173.95 kB         build\static\js\612.37cd72f4.chunk.js
  125.63 kB         build\static\js\122.f4a6e99b.chunk.js
  105.26 kB         build\static\css\560.d0f8e79c.chunk.css
  52.42 kB          build\static\js\939.4e2de9dd.chunk.js
  47.66 kB          build\static\js\292.6585dc4a.chunk.js
  35.52 kB          build\static\js\974.3ef93cfd.chunk.js
  33.6 kB           build\static\js\265.843d9822.chunk.js
  32.13 kB          build\static\js\307.b04f921b.chunk.js
  31.29 kB          build\static\css\main.0d8b8572.css
  30.71 kB          build\static\js\746.4bc6a554.chunk.js
  18.27 kB          build\static\js\896.7d27fabb.chunk.js
  18.13 kB          build\static\css\276.7dc9c1da.chunk.css
  15.35 kB          build\static\js\45.303050df.chunk.js
  14.74 kB          build\static\js\540.35445447.chunk.js
  14.48 kB          build\static\js\728.ffb8504a.chunk.js
  14.43 kB          build\static\css\702.f812f869.chunk.css
  11.92 kB          build\static\js\702.901b6ff1.chunk.js
  11.88 kB          build\static\js\131.9969244e.chunk.js
  9.57 kB           build\static\js\685.7d9e92bd.chunk.js
  9.37 kB           build\static\js\768.567c4673.chunk.js
  8.67 kB           build\static\js\82.4cbce0aa.chunk.js
  8.44 kB           build\static\css\610.7a8f8ab2.chunk.css
  8.41 kB           build\static\js\610.848f3e7e.chunk.js
  8.25 kB           build\static\js\462.16c2fd87.chunk.js
  7.78 kB           build\static\css\728.441fba93.chunk.css
  6.76 kB           build\static\js\171.76bcf816.chunk.js
  6.54 kB           build\static\css\896.5228df3a.chunk.css
  6.32 kB           build\static\js\932.0b80ba21.chunk.js
  6.16 kB           build\static\js\522.75ee458e.chunk.js
  5.99 kB           build\static\js\89.ca63999c.chunk.js
  5.38 kB           build\static\css\171.63654935.chunk.css
  4.68 kB (+744 B)  build\static\js\32.f3283c16.chunk.js
  4.43 kB           build\static\css\939.85f6985d.chunk.css
  4.26 kB           build\static\js\653.799ed85c.chunk.js
  3.68 kB           build\static\css\28.ffe9c323.chunk.css
  3.48 kB           build\static\css\636.69f6aebc.chunk.css
  3.4 kB            build\static\js\185.2c61f7fb.chunk.js
  2.89 kB           build\static\css\580.d819fe18.chunk.css
  2.88 kB           build\static\js\554.063aa2ec.chunk.js
  2.83 kB           build\static\css\653.b31455ff.chunk.css
  2.59 kB           build\static\js\327.bb031ef7.chunk.js
  2.47 kB           build\static\js\833.01ba0296.chunk.js
  2.44 kB           build\static\css\768.34baabc3.chunk.css
  2.37 kB           build\static\js\841.0b178f3c.chunk.js
  2.31 kB           build\static\js\640.0848e748.chunk.js
  2.13 kB           build\static\js\62.c7882b0a.chunk.js
  2.12 kB           build\static\js\28.44dab136.chunk.js
  1.93 kB           build\static\css\522.f816ece3.chunk.css
  1.86 kB           build\static\css\554.1def30f6.chunk.css
  1.84 kB           build\static\css\89.ac8c2317.chunk.css
  1.62 kB           build\static\js\169.4f34419c.chunk.js
  1.38 kB           build\static\js\287.7fbb4954.chunk.js
  1.34 kB (+203 B)  build\static\js\819.415325e4.chunk.js
  1.3 kB            build\static\css\841.4dba27c0.chunk.css
  1.29 kB           build\static\js\83.a36ea376.chunk.js
  1.14 kB           build\static\css\990.91d3a5a9.chunk.css
  1.13 kB           build\static\js\990.0a5f230c.chunk.js
  996 B (+99 B)     build\static\css\32.e773ab28.chunk.css
  877 B (+327 B)    build\static\css\819.ad85085e.chunk.css
  791 B             build\static\js\552.78c33e13.chunk.js
  754 B             build\static\css\655.0ad64332.chunk.css
  689 B             build\static\js\655.4f759ab1.chunk.js
  601 B             build\static\js\352.1c5e805b.chunk.js

The project was built assuming it is hosted at /.
You can control this with the homepage field in your package.json.

The build folder is ready to be deployed.
You may serve it with a static server:

  npm install -g serve
  serve -s build

Find out more about deployment here:

  https://cra.link/deployment

