
> ragfrontend@0.1.0 start
> react-scripts start

Browserslist: browsers data (caniuse-lite) is 10 months old. Please run:
  npx update-browserslist-db@latest
  Why you should do it regularly: https://github.com/browserslist/update-db#readme
(node:3013) [DEP_WEBPACK_DEV_SERVER_ON_AFTER_SETUP_MIDDLEWARE] DeprecationWarning: 'onAfterSetupMiddleware' option is deprecated. Please use the 'setupMiddlewares' option.
(Use `node --trace-deprecation ...` to show where the warning was created)
(node:3013) [DEP_WEBPACK_DEV_SERVER_ON_BEFORE_SETUP_MIDDLEWARE] DeprecationWarning: 'onBeforeSetupMiddleware' option is deprecated. Please use the 'setupMiddlewares' option.
Starting the development server...

Failed to compile.

Module not found: Error: Can't resolve './config' in '/app/src/Services'
WARNING in [eslint]
src/App.js
  Line 13:8:  'DedicatedQuizPage' is defined but never used  no-unused-vars

src/Components/Auth/Login.js
  Line 2:20:  'Link' is defined but never used                    no-unused-vars
  Line 89:9:  'onAppleSignIn' is assigned a value but never used  no-unused-vars

src/Components/Auth/SignUp.js
  Line 144:9:  'onAppleSignIn' is assigned a value but never used  no-unused-vars

src/Components/ChatInerface/CaseStudyQuestion.js
  Line 31:3:  'TouchSensor' is defined but never used  no-unused-vars

src/Components/ChatInerface/ChatFlashcard.js
  Line 128:9:  'currentLanguage' is assigned a value but never used  no-unused-vars

src/Components/ChatInerface/ChatInterface.js
  Line 2:10:     'Navigate' is defined but never used                                                                                                                                                                                    no-unused-vars
  Line 6:10:     'createStorageRef' is defined but never used                                                                                                                                                                            no-unused-vars
  Line 7:10:     'uploadBytesResumable' is defined but never used                                                                                                                                                                        no-unused-vars
  Line 7:32:     'getDownloadURL' is defined but never used                                                                                                                                                                              no-unused-vars
  Line 17:3:     'where' is defined but never used                                                                                                                                                                                       no-unused-vars
  Line 31:8:     'ReadingEmoji' is defined but never used                                                                                                                                                                                no-unused-vars
  Line 35:8:     'GearEmoji' is defined but never used                                                                                                                                                                                   no-unused-vars
  Line 36:8:     'ThinkingEmoji' is defined but never used                                                                                                                                                                               no-unused-vars
  Line 39:22:    'formatFileSize' is defined but never used                                                                                                                                                                              no-unused-vars
  Line 43:3:     'GetFileMetadataByName' is defined but never used                                                                                                                                                                       no-unused-vars
  Line 52:3:     'ask_llm_stream' is defined but never used                                                                                                                                                                              no-unused-vars
  Line 53:3:     'embed_docs' is defined but never used                                                                                                                                                                                  no-unused-vars
  Line 54:3:     'generate_summary' is defined but never used                                                                                                                                                                            no-unused-vars
  Line 73:8:     'StudyGuideGenerator' is defined but never used                                                                                                                                                                         no-unused-vars
  Line 74:8:     'StudySheetLivePreview' is defined but never used                                                                                                                                                                       no-unused-vars
  Line 182:10:   'uploadInsights' is assigned a value but never used                                                                                                                                                                     no-unused-vars
  Line 183:10:   'uploadSummary' is assigned a value but never used                                                                                                                                                                      no-unused-vars
  Line 184:10:   'isUploadAnalyzing' is assigned a value but never used                                                                                                                                                                  no-unused-vars
  Line 185:10:   'uploadMessageId' is assigned a value but never used                                                                                                                                                                    no-unused-vars
  Line 185:27:   'setUploadMessageId' is assigned a value but never used                                                                                                                                                                 no-unused-vars
  Line 227:10:   'connectionStatus' is assigned a value but never used                                                                                                                                                                   no-unused-vars
  Line 229:10:   'studySheetData' is assigned a value but never used                                                                                                                                                                     no-unused-vars
  Line 229:26:   'setStudySheetData' is assigned a value but never used                                                                                                                                                                  no-unused-vars
  Line 701:9:    The 'handleSendNewUserMessage' function makes the dependencies of useCallback Hook (at line 1476) change on every render. To fix this, wrap the definition of 'handleSendNewUserMessage' in its own useCallback() Hook  react-hooks/exhaustive-deps
  Line 2056:6:   React Hook useEffect has a missing dependency: 'handleFileSelect'. Either include it or remove the dependency array                                                                                                     react-hooks/exhaustive-deps
  Line 2062:5:   Expected a default case                                                                                                                                                                                                 default-case
  Line 2179:21:  'name' is assigned a value but never used                                                                                                                                                                               no-unused-vars
  Line 2398:9:   'simulateAiBatchFileResponse' is assigned a value but never used                                                                                                                                                        no-unused-vars
  Line 2406:13:  'fileNames' is assigned a value but never used                                                                                                                                                                          no-unused-vars
  Line 2531:9:   'handleSummaryStream' is assigned a value but never used                                                                                                                                                                no-unused-vars
  Line 2631:9:   'handleScenario' is assigned a value but never used                                                                                                                                                                     no-unused-vars
  Line 2688:9:   'handleFlashcardFeedback' is assigned a value but never used                                                                                                                                                            no-unused-vars

src/Components/ChatInerface/ChatMessage.js
  Line 43:11:  't' is assigned a value but never used                                                                        no-unused-vars
  Line 99:6:   React Hook useMemo has a missing dependency: 'message'. Either include it or remove the dependency array      react-hooks/exhaustive-deps
  Line 124:6:  React Hook useMemo has a missing dependency: 'message'. Either include it or remove the dependency array      react-hooks/exhaustive-deps
  Line 189:6:  React Hook useEffect has a missing dependency: 'message'. Either include it or remove the dependency array    react-hooks/exhaustive-deps
  Line 333:6:  React Hook useCallback has a missing dependency: 'message'. Either include it or remove the dependency array  react-hooks/exhaustive-deps
  Line 367:6:  React Hook useCallback has a missing dependency: 'message'. Either include it or remove the dependency array  react-hooks/exhaustive-deps
  Line 440:6:  React Hook useCallback has a missing dependency: 'message'. Either include it or remove the dependency array  react-hooks/exhaustive-deps
  Line 542:6:  React Hook useEffect has a missing dependency: 'message'. Either include it or remove the dependency array    react-hooks/exhaustive-deps
  Line 566:6:  React Hook useEffect has a missing dependency: 'message'. Either include it or remove the dependency array    react-hooks/exhaustive-deps

src/Components/ChatInerface/ChatQuiz.js
  Line 20:34:   Unnecessary escape character: \)                      no-useless-escape
  Line 20:36:   Unnecessary escape character: \.                      no-useless-escape
  Line 20:38:   Unnecessary escape character: \:                      no-useless-escape
  Line 123:9:   'currentLanguage' is assigned a value but never used  no-unused-vars
  Line 248:12:  'renderReviewContent' is defined but never used       no-unused-vars

src/Components/ChatInerface/Emojis/GearEmoji.js
  Line 8:6:  img elements must have an alt prop, either with meaningful text, or an empty string for decorative images  jsx-a11y/alt-text

src/Components/ChatInerface/ExamPrepModal.js
  Line 21:9:  'getMinDate' is assigned a value but never used  no-unused-vars

src/Components/ChatInerface/FeedbackViewer.js
  Line 8:11:  't' is assigned a value but never used  no-unused-vars

src/Components/ChatInerface/QuizResultsAnalytics.js
  Line 128:9:  'generateTargetedPrompt' is assigned a value but never used  no-unused-vars

src/Components/ChatInerface/SATAQuestion.js
  Line 150:40:  Unnecessary escape character: \)                no-useless-escape
  Line 150:42:  Unnecessary escape character: \.                no-useless-escape
  Line 150:44:  Unnecessary escape character: \:                no-useless-escape
  Line 150:46:  Unnecessary escape character: \-                no-useless-escape
  Line 156:10:  'getFeedbackMessage' is defined but never used  no-unused-vars

src/Components/ChatInerface/ShareQuizButton.js
  Line 332:15:  The href attribute requires a valid value to be accessible. Provide a valid, navigable address as the href value. If you cannot provide a valid href, but still need the element to resemble a link, use a button and change it with appropriate styles. Learn more: https://github.com/jsx-eslint/eslint-plugin-jsx-a11y/blob/HEAD/docs/rules/anchor-is-valid.md  jsx-a11y/anchor-is-valid
  Line 340:15:  The href attribute requires a valid value to be accessible. Provide a valid, navigable address as the href value. If you cannot provide a valid href, but still need the element to resemble a link, use a button and change it with appropriate styles. Learn more: https://github.com/jsx-eslint/eslint-plugin-jsx-a11y/blob/HEAD/docs/rules/anchor-is-valid.md  jsx-a11y/anchor-is-valid
  Line 386:10:  'CopyIcon' is defined but never used                                                                                                                                                                                                                                                                                                                               no-unused-vars

src/Components/ChatInerface/SideBar.js
  Line 4:14:   'auth' is defined but never used                                                                                              no-unused-vars
  Line 14:3:   'doc' is defined but never used                                                                                               no-unused-vars
  Line 15:3:   'getDoc' is defined but never used                                                                                            no-unused-vars
  Line 29:9:   'navigate' is assigned a value but never used                                                                                 no-unused-vars
  Line 156:6:  React Hook useEffect has a missing dependency: 'loadFileCountsForAllChats'. Either include it or remove the dependency array  react-hooks/exhaustive-deps

src/Components/ChatInerface/StickyQuizProgress.js
  Line 60:6:  React Hook useEffect has a missing dependency: 't'. Either include it or remove the dependency array  react-hooks/exhaustive-deps

src/Components/ChatInerface/StudyGuideGenerator.js
  Line 18:10:  'loading' is assigned a value but never used                                                                      no-unused-vars
  Line 33:6:   React Hook useEffect has a missing dependency: 'generateGuide'. Either include it or remove the dependency array  react-hooks/exhaustive-deps

src/Components/ChatInerface/StudySheetLivePreview.js
  Line 26:10:  'isMobile' is assigned a value but never used                                                                             no-unused-vars
  Line 123:6:  React Hook useEffect has a missing dependency: 'handleWebSocketUpdate'. Either include it or remove the dependency array  react-hooks/exhaustive-deps

src/Components/ChatInerface/SuggestedPrompts.js
  Line 15:14:  'i18n' is assigned a value but never used  no-unused-vars
  Line 36:31:  Unnecessary escape character: \[           no-useless-escape
  Line 46:20:  Unnecessary escape character: \[           no-useless-escape

src/Components/ChatInerface/UnfoldingCaseStudy.js
  Line 110:9:  The 'items' logical expression could make the dependencies of useCallback Hook (at line 189) change on every render. To fix this, wrap the initialization of 'items' in its own useMemo() Hook              react-hooks/exhaustive-deps
  Line 112:9:  The 'currentItem' logical expression could make the dependencies of useCallback Hook (at line 189) change on every render. To fix this, wrap the initialization of 'currentItem' in its own useMemo() Hook  react-hooks/exhaustive-deps

src/Components/Onboarding/OnboardingModal.js
  Line 1:27:  'useEffect' is defined but never used  no-unused-vars

src/Components/Progress/ProgressDashboard.js
  Line 20:5:  'serumPercentage' is assigned a value but never used  no-unused-vars

src/Components/PublicQuiz/PublicQuizView.js
  Line 43:6:  React Hook useEffect has a missing dependency: 'loadQuiz'. Either include it or remove the dependency array  react-hooks/exhaustive-deps

src/Components/QuizRoom/DedicatedQuizPage.js
  Line 138:11:  't' is assigned a value but never used                                                                         no-unused-vars
  Line 211:10:  'serumCollected' is assigned a value but never used                                                            no-unused-vars
  Line 212:10:  'serumRequired' is assigned a value but never used                                                             no-unused-vars
  Line 401:6:   React Hook useEffect has a missing dependency: 'topicStats'. Either include it or remove the dependency array  react-hooks/exhaustive-deps

src/Components/QuizRoom/PatientBedSVG.js
  Line 143:9:  'bodyScale' is assigned a value but never used  no-unused-vars

src/Components/QuizRoom/QuizRoomLanding.js
  Line 68:14:  'i18n' is assigned a value but never used                  no-unused-vars
  Line 94:10:  'completedCounters' is assigned a value but never used     no-unused-vars
  Line 370:9:  'handleStudyNCLEX' is assigned a value but never used      no-unused-vars
  Line 612:9:  'handleTalkToTutor' is assigned a value but never used     no-unused-vars
  Line 613:9:  'handleDailyChallenge' is assigned a value but never used  no-unused-vars

src/Components/QuizRoom/SerumTube.js
  Line 84:9:  'glassThickness' is assigned a value but never used  no-unused-vars

src/Firebase/auth.js
  Line 90:11:  'accessToken' is assigned a value but never used  no-unused-vars
  Line 91:11:  'idToken' is assigned a value but never used      no-unused-vars

src/Firebase/config.js
  Line 29:7:  'analytics' is assigned a value but never used   no-unused-vars
  Line 40:7:  'uploadsRef' is assigned a value but never used  no-unused-vars

src/Services/FireBaseServiceChats.js
  Line 1:10:  'createStorageRef' is defined but never used  no-unused-vars
  Line 1:32:  'user' is defined but never used              no-unused-vars
  Line 2:19:  'getMetadata' is defined but never used       no-unused-vars
  Line 2:32:  'getDownloadURL' is defined but never used    no-unused-vars
  Line 6:3:   'onSnapshot' is defined but never used        no-unused-vars

src/Services/QuizShareService.js
  Line 3:3:  'collection' is defined but never used  no-unused-vars

src/Services/WebSocketManager.js
  Line 136:11:  'ws' is assigned a value but never used  no-unused-vars

src/i18n/i18n.js
  Line 551:7:   Duplicate key 'common'  no-dupe-keys
  Line 1221:7:  Duplicate key 'common'  no-dupe-keys

ERROR in ./src/Services/FastAPICalls.js 4:0-40
Module not found: Error: Can't resolve './config' in '/app/src/Services'

ERROR in ./src/Services/WebSocketManager.js 5:0-39
Module not found: Error: Can't resolve './config' in '/app/src/Services'

webpack compiled with 2 errors and 1 warning
